 SkyOS32

 Timestamp is 5f277665 (Mon Aug  3 11:28:53 2020)

 Preferred load address is 00100000

 Start         Length     Name                   Class
 0001:00000000 00004284H .text$mn                CODE
 0002:00000000 0000007cH .rdata                  DATA
 0002:0000007c 00000000H .edata                  DATA
 0002:0000007c 000000b0H .rdata$zzzdbg           DATA
 0003:00000000 00000004H .CRT$XCA                DATA
 0003:00000004 00000004H .CRT$XCZ                DATA
 0003:00000008 00000004H .CRT$XIA                DATA
 0003:0000000c 00000004H .CRT$XIZ                DATA
 0003:00000010 00000280H .data                   DATA
 0003:00000290 000013d8H .bss                    DATA

  Address         Publics by Value              Rva+Base       Lib:Object

 0000:00000000       ___hybrid_code_map         00000000     <absolute>
 0000:00000000       ___guard_fids_count        00000000     <absolute>
 0000:00000000       ___guard_longjmp_table     00000000     <absolute>
 0000:00000000       ___hybrid_auxiliary_iat    00000000     <absolute>
 0000:00000000       ___hybrid_code_map_count   00000000     <absolute>
 0000:00000000       ___guard_fids_table        00000000     <absolute>
 0000:00000000       ___volatile_metadata       00000000     <absolute>
 0000:00000000       ___guard_longjmp_count     00000000     <absolute>
 0000:00000000       ___dynamic_value_reloc_table 00000000     <absolute>
 0000:00000000       ___AbsoluteZero            00000000     <absolute>
 0000:00000000       ___guard_iat_count         00000000     <absolute>
 0000:00000000       ___enclave_config          00000000     <absolute>
 0000:00000000       ___guard_iat_table         00000000     <absolute>
 0000:00000000       ___guard_flags             00000000     <absolute>
 0001:00000000       ?multiboot_entry@@YAXXZ    00100400 f   kmain.obj
 0001:00000040       ?InitializeConstructor@@YAXXZ 00100440 f   kmain.obj
 0001:00000050       ?kmain@@YAXKK@Z            00100450 f   kmain.obj
 0001:00000070       ?Clear@SkyConsole@@YAXXZ   00100470 f   SkyConsole.obj
 0001:000000d0       ?Initialize@SkyConsole@@YAXXZ 001004d0 f   SkyConsole.obj
 0001:00000180       ?MoveCursor@SkyConsole@@YAXII@Z 00100580 f   SkyConsole.obj
 0001:00000240       ?OutPortByte@@YAXGE@Z      00100640 f   SkyConsole.obj
 0001:00000250       ?Print@SkyConsole@@YAXPBDZZ 00100650 f   SkyConsole.obj
 0001:000004d0       ?Write@SkyConsole@@YAXPBD@Z 001008d0 f   SkyConsole.obj
 0001:00000510       ?WriteChar@SkyConsole@@YAXDW4ConsoleColor@@0@Z 00100910 f   SkyConsole.obj
 0001:000006a0       ?scrollup@SkyConsole@@YAXXZ 00100aa0 f   SkyConsole.obj
 0001:00000740       _strcpy                    00100b40 f   CommonLib:string.obj
 0001:00000780       _strlen                    00100b80 f   CommonLib:string.obj
 0001:000007b0       _strcmp                    00100bb0 f   CommonLib:string.obj
 0001:00000810       _strncmp                   00100c10 f   CommonLib:string.obj
 0001:00000890       _strncasecmp               00100c90 f   CommonLib:string.obj
 0001:00000940       _strstr                    00100d40 f   CommonLib:string.obj
 0001:000009c0       _strupr                    00100dc0 f   CommonLib:string.obj
 0001:00000a10       _strcat                    00100e10 f   CommonLib:string.obj
 0001:00000a80       _strncat                   00100e80 f   CommonLib:string.obj
 0001:00000ae0       _strchr                    00100ee0 f   CommonLib:string.obj
 0001:00000b20       _stricmp                   00100f20 f   CommonLib:string.obj
 0001:00000c10       _strpbrk                   00101010 f   CommonLib:string.obj
 0001:00000c60       _strtok                    00101060 f   CommonLib:string.obj
 0001:00000ce0       _strspn                    001010e0 f   CommonLib:string.obj
 0001:00000d50       _strncpy                   00101150 f   CommonLib:string.obj
 0001:00000da0       _strnicmp                  001011a0 f   CommonLib:string.obj
 0001:00000e10       _strnchr                   00101210 f   CommonLib:string.obj
 0001:00000e60       _strrchr                   00101260 f   CommonLib:string.obj
 0001:00000eb0       _strxfrm                   001012b0 f   CommonLib:string.obj
 0001:00000f40       _strcoll                   00101340 f   CommonLib:string.obj
 0001:00000f60       _strtod                    00101360 f   CommonLib:string.obj
 0001:00001300       _strcspn                   00101700 f   CommonLib:string.obj
 0001:00001370       _ftoa_fixed                00101770 f   CommonLib:string.obj
 0001:00001510       _ftoa_sci                  00101910 f   CommonLib:string.obj
 0001:00001670       _strichr                   00101a70 f   CommonLib:string.obj
 0001:000016d0       _strtok_r                  00101ad0 f   CommonLib:string.obj
 0001:000017f0       _memsetw                   00101bf0 f   CommonLib:string.obj
 0001:00001830       ?normalize@@YAHPAN@Z       00101c30 f   CommonLib:string.obj
 0001:000018f0       _sprintf                   00101cf0 f   CommonLib:sprintf.obj
 0001:00001920       _itoa                      00101d20 f   CommonLib:sprintf.obj
 0001:000019f0       _itoa_s                    00101df0 f   CommonLib:sprintf.obj
 0001:00001a20       __i64toa                   00101e20 f   CommonLib:sprintf.obj
 0001:00001b30       ?itoa_s@@YAXHIPAD@Z        00101f30 f   CommonLib:sprintf.obj
 0001:00001b70       _atexit                    00101f70 f   CommonLib:cstd.obj
 0001:00001bc0       ?_atexit_init@@YAXXZ       00101fc0 f   CommonLib:cstd.obj
 0001:00001be0       ?Exit@@YAXXZ               00101fe0 f   CommonLib:cstd.obj
 0001:00001c20       ?InitializeConstructors@@YAXXZ 00102020 f   CommonLib:cstd.obj
 0001:00001c40       ?_purecall_handler@@YAHXZ  00102040 f   CommonLib:cstd.obj
 0001:00001c50       __CIcos                    00102050 f   CommonLib:cstd.obj
 0001:00001c60       __CIsin                    00102060 f   CommonLib:cstd.obj
 0001:00001c70       __CIsqrt                   00102070 f   CommonLib:cstd.obj
 0001:00001c80       __ftol2_sse                00102080 f   CommonLib:cstd.obj
 0001:00001c90       __aullshr                  00102090 f   CommonLib:cstd.obj
 0001:00001cb0       __dtol3                    001020b0 f   CommonLib:cstd.obj
 0001:00001cc0       __dtoui3                   001020c0 f   CommonLib:cstd.obj
 0001:00001cd0       __dtoul3                   001020d0 f   CommonLib:cstd.obj
 0001:00001d10       _strtoul                   00102110 f   CommonLib:stdio.obj
 0001:00001f70       _vsprintf                  00102370 f   CommonLib:stdio.obj
 0001:000024a0       _strtol                    001028a0 f   CommonLib:stdio.obj
 0001:00002730       _atoi                      00102b30 f   CommonLib:stdio.obj
 0001:00002750       _atof                      00102b50 f   CommonLib:stdio.obj
 0001:000028e0       _sscanf                    00102ce0 f   CommonLib:stdio.obj
 0001:00002910       _simple_strtoul            00102d10 f   CommonLib:stdio.obj
 0001:00002a40       _simple_strtol             00102e40 f   CommonLib:stdio.obj
 0001:00002a80       _simple_strtoull           00102e80 f   CommonLib:stdio.obj
 0001:00002bd0       _simple_strtoll            00102fd0 f   CommonLib:stdio.obj
 0001:00002c20       _vnsprintf                 00103020 f   CommonLib:stdio.obj
 0001:00003160       ?vsscanf@@YAHPBD0PAE@Z     00103560 f   CommonLib:stdio.obj
 0001:00003890       _memcpy                    00103c90 f   CommonLib:memory.obj
 0001:000038e0       _memset                    00103ce0 f   CommonLib:memory.obj
 0001:00003910       _memcmp                    00103d10 f   CommonLib:memory.obj
 0001:00003980       _memmove                   00103d80 f   CommonLib:memory.obj
 0001:00003a00       _memchr                    00103e00 f   CommonLib:memory.obj
 0001:00003a50       __aulldiv                  00103e50 f   CommonLib:ulldiv.obj
 0001:00003ac0       __aullrem                  00103ec0 f   CommonLib:ullrem.obj
 0001:00003d30       _atob                      00104130 f   CommonLib:atob.obj
 0001:00003d80       _btoa                      00104180 f   CommonLib:atob.obj
 0001:00003ef0       _gethex                    001042f0 f   CommonLib:atob.obj
 0001:00004080       __isctype                  00104480 f   CommonLib:ctype.obj
 0001:000040b0       _isspace                   001044b0 f   CommonLib:ctype.obj
 0001:000040d0       _isupper                   001044d0 f   CommonLib:ctype.obj
 0001:000040f0       _islower                   001044f0 f   CommonLib:ctype.obj
 0001:00004110       _isdigit                   00104510 f   CommonLib:ctype.obj
 0001:00004130       _isxdigit                  00104530 f   CommonLib:ctype.obj
 0001:00004150       _ispunct                   00104550 f   CommonLib:ctype.obj
 0001:00004170       _isalpha                   00104570 f   CommonLib:ctype.obj
 0001:00004190       _isalnum                   00104590 f   CommonLib:ctype.obj
 0001:000041b0       _isprint                   001045b0 f   CommonLib:ctype.obj
 0001:000041d0       _isgraph                   001045d0 f   CommonLib:ctype.obj
 0001:000041f0       _iscntrl                   001045f0 f   CommonLib:ctype.obj
 0001:00004210       _isleadbyte                00104610 f   CommonLib:ctype.obj
 0001:00004230       _toupper                   00104630 f   CommonLib:ctype.obj
 0001:00004260       _tolower                   00104660 f   CommonLib:ctype.obj
 0002:00000010       __real@0000000000000000    00104810     CommonLib:string.obj
 0002:00000018       __real@3fb999999999999a    00104818     CommonLib:string.obj
 0002:00000020       __real@3ff0000000000000    00104820     CommonLib:string.obj
 0002:00000028       __real@4024000000000000    00104828     CommonLib:string.obj
 0002:00000030       __real@41cdcd6500000000    00104830     CommonLib:string.obj
 0002:00000040       __xmm@80000000000000008000000000000000 00104840     CommonLib:string.obj
 0003:00000000       ?__xc_a@@3PAP6AXXZA        00104c00     CommonLib:cstd.obj
 0003:00000004       ?__xc_z@@3PAP6AXXZA        00104c04     CommonLib:cstd.obj
 0003:00000008       ?__xi_a@@3PAP6AXXZA        00104c08     CommonLib:cstd.obj
 0003:0000000c       ?__xi_z@@3PAP6AXXZA        00104c0c     CommonLib:cstd.obj
 0003:00000060       ?bchars@@3PADA             00104c60     CommonLib:sprintf.obj
 0003:00000070       __fltused                  00104c70     CommonLib:cstd.obj
 0003:00000080       __pctype                   00104c80     CommonLib:ctype.obj
 0003:00000088       ?_ctype@@3PAGA             00104c88     CommonLib:ctype.obj
 0003:000002b8       ?tbuf@@3PADA               00104eb8     CommonLib:sprintf.obj
 0003:000002d8       ?runtimeTempBuffer@@3PADA  00104ed8     CommonLib:cstd.obj

 entry point at        0001:00000000

 Static symbols

 0001:0000048c       $LN20                      0010088c     SkyConsole.obj
 0001:000004a4       $LN19                      001008a4     SkyConsole.obj
 0001:00001770       ?ToUpper@@YAEE@Z           00101b70 f   CommonLib:string.obj
 0001:000017a0       ?IsDigit@@YAEE@Z           00101ba0 f   CommonLib:string.obj
 0001:000017c0       ?IsSpace@@YAEE@Z           00101bc0 f   CommonLib:string.obj
 0001:000018c0       ?ToLower@@YAEE@Z           00101cc0 f   CommonLib:string.obj
 0001:00001ce0       ?_initterm@@YAXPAP6AXXZ0@Z 001020e0 f   CommonLib:cstd.obj
 0001:00002444       $LN27                      00102844     CommonLib:stdio.obj
 0001:0000246c       $LN26                      0010286c     CommonLib:stdio.obj
 0001:000030b4       $LN25                      001034b4     CommonLib:stdio.obj
 0001:000030dc       $LN24                      001034dc     CommonLib:stdio.obj
 0001:00003110       ?skip_atoi@@YAHPAPBD@Z     00103510 f   CommonLib:stdio.obj
 0001:000037cc       $LN77                      00103bcc     CommonLib:stdio.obj
 0001:000037f4       $LN76                      00103bf4     CommonLib:stdio.obj
 0001:00003848       $LN79                      00103c48     CommonLib:stdio.obj
 0001:0000385c       $LN78                      00103c5c     CommonLib:stdio.obj
 0001:00003a50       $$000000                   00103e50     CommonLib:ulldiv.obj
 0001:00003ac0       $$000000                   00103ec0     CommonLib:ullrem.obj
 0001:00003b40       __atob                     00103f40 f   CommonLib:atob.obj
 0001:00003fd0       __getbase                  001043d0 f   CommonLib:atob.obj
 0001:00004064       $LN11                      00104464     CommonLib:atob.obj
 0001:00004074       $LN10                      00104474     CommonLib:atob.obj
 0002:00000000       $SG3242                    00104800     kmain.obj
 0002:00000050       $SG3262                    00104850     CommonLib:stdio.obj
 0003:00000010       ?maxExponent@@3HA          00104c10     CommonLib:string.obj
 0003:00000018       ?powersOf10@@3PANA         00104c18     CommonLib:string.obj
 0003:00000074       ?max_atexitlist_entries@@3IA 00104c74     CommonLib:cstd.obj
 0003:00000078       $SG5276                    00104c78     CommonLib:atob.obj
 0003:00000290       ?m_Color@SkyConsole@@3W4ConsoleColor@@A 00104e90     SkyConsole.obj
 0003:00000294       ?m_Text@SkyConsole@@3W4ConsoleColor@@A 00104e94     SkyConsole.obj
 0003:00000298       ?m_backGroundColor@SkyConsole@@3W4ConsoleColor@@A 00104e98     SkyConsole.obj
 0003:0000029c       ?m_xPos@SkyConsole@@3IA    00104e9c     SkyConsole.obj
 0003:000002a0       ?m_yPos@SkyConsole@@3IA    00104ea0     SkyConsole.obj
 0003:000002a4       ?m_pVideoMemory@SkyConsole@@3PAGA 00104ea4     SkyConsole.obj
 0003:000002a8       ?m_ScreenHeight@SkyConsole@@3IA 00104ea8     SkyConsole.obj
 0003:000002ac       ?m_ScreenWidth@SkyConsole@@3IA 00104eac     SkyConsole.obj
 0003:000002b0       ?m_VideoCardType@SkyConsole@@3GA 00104eb0     SkyConsole.obj
 0003:000002b4       ?lastToken@?1??strtok@@9@4PADA 00104eb4     CommonLib:string.obj
 0003:00001660       ?pf_atexitlist@@3PAP6AXXZA 00106260     CommonLib:cstd.obj
 0003:00001664       ?cur_atexitlist_entries@@3IA 00106264     CommonLib:cstd.obj
